// Vitest Snapshot v1, https://vitest.dev/guide/snapshot.html

exports[`Footer > should render the footer element 1`] = `
<div>
  <footer
    class="bg-stage-black"
  >
    <div
      class="max-w-site mx-auto grid grid-cols-[repeat(auto-fit,minmax(min(220px,100%),1fr))] gap-10 px-6 pt-14 pb-8"
    >
      <div>
        <img
          alt="Chœur des Pays du Mont-Blanc"
          class="mb-4 h-[58px] w-auto"
          height="55"
          src="/CPMB-logo-blanc.png"
          width="160"
        />
        <p
          class="text-text-on-dark text-lg"
        >
          Partager la passion de la musique chorale au cœur des Alpes.
        </p>
      </div>
      <nav
        aria-labelledby="footer-sitemap"
      >
        <p
          class="font-mono text-xs uppercase text-copper-light mb-3.5 tracking-[0.14em]"
          id="footer-sitemap"
        >
          Plan du site
        </p>
        <div
          class="grid gap-2.5 text-lg"
        >
          <a
            class="text-text-on-dark hover:text-teal-light no-underline"
            href="/"
          >
            Accueil
          </a>
          <a
            class="text-text-on-dark hover:text-teal-light no-underline"
            href="/presentation"
          >
            Présentation
          </a>
          <a
            class="text-text-on-dark hover:text-teal-light no-underline"
            href="/nos-concerts"
          >
            Nos concerts
          </a>
          <a
            class="text-text-on-dark hover:text-teal-light no-underline"
            href="/presse"
          >
            Presse
          </a>
          <a
            class="text-text-on-dark hover:text-teal-light no-underline"
            href="/contact"
          >
            Contact
          </a>
          <a
            class="text-text-on-dark hover:text-teal-light no-underline"
            href="/mentions-legales"
          >
            Mentions légales
          </a>
        </div>
      </nav>
      <div>
        <p
          class="font-mono text-xs uppercase text-copper-light mb-3.5 tracking-[0.14em]"
        >
          Contact
        </p>
        <p
          class="mb-2.5 text-lg"
        >
          <a
            class="text-teal-light hover:text-teal-light wrap-anywhere no-underline"
            href="mailto:bureau@choeurdespaysdumontblanc.fr"
          >
            bureau@choeurdespaysdumontblanc.fr
          </a>
        </p>
        <p
          class="text-text-on-dark text-lg"
        >
          Espace Louis-Simon, Gaillard (74240)
        </p>
      </div>
      <div>
        <p
          class="font-mono text-xs uppercase text-copper-light mb-3.5 tracking-[0.14em]"
        >
          Partenaires
        </p>
        <div
          class="text-text-on-dark grid gap-2.5 text-lg"
        >
          <span>
            Ville de Gaillard
          </span>
          <span>
            Département de la Haute-Savoie
          </span>
          <span>
            Véran Pianos
          </span>
        </div>
      </div>
      <nav
        aria-labelledby="footer-artists"
      >
        <p
          class="font-mono text-xs uppercase text-copper-light mb-3.5 tracking-[0.14em]"
          id="footer-artists"
        >
          Artistes
        </p>
        <div
          class="grid gap-2.5 text-lg"
        >
          <a
            class="text-text-on-dark hover:text-teal-light no-underline"
            href="/presentation/benoit-dubu"
          >
            Benoît Dubu
          </a>
          <a
            class="text-text-on-dark hover:text-teal-light no-underline"
            href="/presentation/agnes-lorincz"
          >
            Ágnes Lőrincz
          </a>
          <a
            class="text-text-on-dark hover:text-teal-light no-underline"
            href="/presentation/marjorie-saunier"
          >
            Marjorie Saunier
          </a>
        </div>
      </nav>
    </div>
    <div
      class="border-stage-border max-w-site mx-auto border-t px-6 pt-5 pb-10"
    >
      <p
        class="text-text-on-dark-muted text-sm"
      >
        Chœur des Pays du Mont-Blanc — association créée en 2005 à Gaillard, Haute-Savoie.
      </p>
    </div>
  </footer>
</div>
`;
